Archive member included to satisfy reference by file (symbol)

c:/siliconlabs/simplicitystudio/v4/developer/toolchains/gnu_arm/7.2_2017q4/bin/../lib/gcc/arm-none-eabi/7.2.1/thumb/v7-m\libgcc.a(_arm_addsubsf3.o)
                              ./drivers/vddcheck.o (__aeabi_fsub)
c:/siliconlabs/simplicitystudio/v4/developer/toolchains/gnu_arm/7.2_2017q4/bin/../lib/gcc/arm-none-eabi/7.2.1/thumb/v7-m\libgcc.a(_arm_muldivsf3.o)
                              ./drivers/vddcheck.o (__aeabi_fdiv)
c:/siliconlabs/simplicitystudio/v4/developer/toolchains/gnu_arm/7.2_2017q4/bin/../lib/gcc/arm-none-eabi/7.2.1/thumb/v7-m\libgcc.a(_arm_fixunssfsi.o)
                              ./drivers/vddcheck.o (__aeabi_f2uiz)
c:/siliconlabs/simplicitystudio/v4/developer/toolchains/gnu_arm/7.2_2017q4/bin/../lib/gcc/arm-none-eabi/7.2.1/thumb/v7-m\libgcc.a(_aeabi_uldivmod.o)
                              ./src/em_usart.o (__aeabi_uldivmod)
c:/siliconlabs/simplicitystudio/v4/developer/toolchains/gnu_arm/7.2_2017q4/bin/../lib/gcc/arm-none-eabi/7.2.1/thumb/v7-m\libgcc.a(_udivmoddi4.o)
                              c:/siliconlabs/simplicitystudio/v4/developer/toolchains/gnu_arm/7.2_2017q4/bin/../lib/gcc/arm-none-eabi/7.2.1/thumb/v7-m\libgcc.a(_aeabi_uldivmod.o) (__udivmoddi4)
c:/siliconlabs/simplicitystudio/v4/developer/toolchains/gnu_arm/7.2_2017q4/bin/../lib/gcc/arm-none-eabi/7.2.1/thumb/v7-m\libgcc.a(_dvmd_tls.o)
                              c:/siliconlabs/simplicitystudio/v4/developer/toolchains/gnu_arm/7.2_2017q4/bin/../lib/gcc/arm-none-eabi/7.2.1/thumb/v7-m\libgcc.a(_aeabi_uldivmod.o) (__aeabi_ldiv0)
c:/siliconlabs/simplicitystudio/v4/developer/toolchains/gnu_arm/7.2_2017q4/bin/../lib/gcc/arm-none-eabi/7.2.1/../../../../arm-none-eabi/lib/thumb/v7-m\libc_nano.a(lib_a-abs.o)
                              ./drivers/segmentlcd.o (abs)
c:/siliconlabs/simplicitystudio/v4/developer/toolchains/gnu_arm/7.2_2017q4/bin/../lib/gcc/arm-none-eabi/7.2.1/../../../../arm-none-eabi/lib/thumb/v7-m\libc_nano.a(lib_a-exit.o)
                              c:/siliconlabs/simplicitystudio/v4/developer/toolchains/gnu_arm/7.2_2017q4/bin/../lib/gcc/arm-none-eabi/7.2.1/../../../../arm-none-eabi/lib/thumb/v7-m/crt0.o (exit)
c:/siliconlabs/simplicitystudio/v4/developer/toolchains/gnu_arm/7.2_2017q4/bin/../lib/gcc/arm-none-eabi/7.2.1/../../../../arm-none-eabi/lib/thumb/v7-m\libc_nano.a(lib_a-impure.o)
                              c:/siliconlabs/simplicitystudio/v4/developer/toolchains/gnu_arm/7.2_2017q4/bin/../lib/gcc/arm-none-eabi/7.2.1/../../../../arm-none-eabi/lib/thumb/v7-m\libc_nano.a(lib_a-exit.o) (_global_impure_ptr)
c:/siliconlabs/simplicitystudio/v4/developer/toolchains/gnu_arm/7.2_2017q4/bin/../lib/gcc/arm-none-eabi/7.2.1/../../../../arm-none-eabi/lib/thumb/v7-m\libc_nano.a(lib_a-init.o)
                              c:/siliconlabs/simplicitystudio/v4/developer/toolchains/gnu_arm/7.2_2017q4/bin/../lib/gcc/arm-none-eabi/7.2.1/../../../../arm-none-eabi/lib/thumb/v7-m/crt0.o (__libc_init_array)
c:/siliconlabs/simplicitystudio/v4/developer/toolchains/gnu_arm/7.2_2017q4/bin/../lib/gcc/arm-none-eabi/7.2.1/../../../../arm-none-eabi/lib/thumb/v7-m\libc_nano.a(lib_a-memset.o)
                              c:/siliconlabs/simplicitystudio/v4/developer/toolchains/gnu_arm/7.2_2017q4/bin/../lib/gcc/arm-none-eabi/7.2.1/../../../../arm-none-eabi/lib/thumb/v7-m/crt0.o (memset)
c:/siliconlabs/simplicitystudio/v4/developer/toolchains/gnu_arm/7.2_2017q4/bin/../lib/gcc/arm-none-eabi/7.2.1/../../../../arm-none-eabi/lib/thumb/v7-m\libc_nano.a(lib_a-rand.o)
                              ./src/main.o (srand)
c:/siliconlabs/simplicitystudio/v4/developer/toolchains/gnu_arm/7.2_2017q4/bin/../lib/gcc/arm-none-eabi/7.2.1/../../../../arm-none-eabi/lib/thumb/v7-m\libc_nano.a(lib_a-strlen.o)
                              ./drivers/segmentlcd.o (strlen)
c:/siliconlabs/simplicitystudio/v4/developer/toolchains/gnu_arm/7.2_2017q4/bin/../lib/gcc/arm-none-eabi/7.2.1/../../../../arm-none-eabi/lib/thumb/v7-m\libc_nano.a(lib_a-time.o)
                              ./src/main.o (time)
c:/siliconlabs/simplicitystudio/v4/developer/toolchains/gnu_arm/7.2_2017q4/bin/../lib/gcc/arm-none-eabi/7.2.1/../../../../arm-none-eabi/lib/thumb/v7-m\libc_nano.a(lib_a-gettimeofdayr.o)
                              c:/siliconlabs/simplicitystudio/v4/developer/toolchains/gnu_arm/7.2_2017q4/bin/../lib/gcc/arm-none-eabi/7.2.1/../../../../arm-none-eabi/lib/thumb/v7-m\libc_nano.a(lib_a-time.o) (_gettimeofday_r)
c:/siliconlabs/simplicitystudio/v4/developer/toolchains/gnu_arm/7.2_2017q4/bin/../lib/gcc/arm-none-eabi/7.2.1/../../../../arm-none-eabi/lib/thumb/v7-m\libc_nano.a(lib_a-malloc.o)
                              c:/siliconlabs/simplicitystudio/v4/developer/toolchains/gnu_arm/7.2_2017q4/bin/../lib/gcc/arm-none-eabi/7.2.1/../../../../arm-none-eabi/lib/thumb/v7-m\libc_nano.a(lib_a-rand.o) (malloc)
[...]
Memory Configuration

Name             Origin             Length             Attributes
FLASH            0x00000000         0x00100000         xr
RAM              0x20000000         0x00020000         xrw
*default*        0x00000000         0xffffffff

Linker script and memory map

LOAD c:/siliconlabs/simplicitystudio/v4/developer/toolchains/gnu_arm/7.2_2017q4/bin/../lib/gcc/arm-none-eabi/7.2.1/thumb/v7-m/crti.o
LOAD c:/siliconlabs/simplicitystudio/v4/developer/toolchains/gnu_arm/7.2_2017q4/bin/../lib/gcc/arm-none-eabi/7.2.1/thumb/v7-m/crtbegin.o
LOAD c:/siliconlabs/simplicitystudio/v4/developer/toolchains/gnu_arm/7.2_2017q4/bin/../lib/gcc/arm-none-eabi/7.2.1/../../../../arm-none-eabi/lib/thumb/v7-m/crt0.o
LOAD ./CMSIS/EFM32GG/startup_efm32gg.o
LOAD ./CMSIS/EFM32GG/system_efm32gg.o
LOAD ./drivers/caplesense.o
LOAD ./drivers/segmentlcd.o
LOAD ./drivers/vddcheck.o
LOAD ./emlib/em_system.o
LOAD ./src/em_acmp.o
LOAD ./src/em_assert.o
LOAD ./src/em_cmu.o
LOAD ./src/em_core.o
LOAD ./src/em_ebi.o
LOAD ./src/em_emu.o
LOAD ./src/em_gpio.o
LOAD ./src/em_lcd.o
LOAD ./src/em_lesense.o
LOAD ./src/em_rtc.o
LOAD ./src/em_usart.o
LOAD ./src/em_vcmp.o
LOAD ./src/main.o
LOAD ./src/segmentlcd_individual.o
START GROUP
LOAD c:/siliconlabs/simplicitystudio/v4/developer/toolchains/gnu_arm/7.2_2017q4/bin/../lib/gcc/arm-none-eabi/7.2.1/thumb/v7-m\libgcc.a
LOAD c:/siliconlabs/simplicitystudio/v4/developer/toolchains/gnu_arm/7.2_2017q4/bin/../lib/gcc/arm-none-eabi/7.2.1/../../../../arm-none-eabi/lib/thumb/v7-m\libc_nano.a
LOAD c:/siliconlabs/simplicitystudio/v4/developer/toolchains/gnu_arm/7.2_2017q4/bin/../lib/gcc/arm-none-eabi/7.2.1/../../../../arm-none-eabi/lib/thumb/v7-m\libnosys.a
END GROUP
START GROUP
LOAD c:/siliconlabs/simplicitystudio/v4/developer/toolchains/gnu_arm/7.2_2017q4/bin/../lib/gcc/arm-none-eabi/7.2.1/thumb/v7-m\libgcc.a
LOAD c:/siliconlabs/simplicitystudio/v4/developer/toolchains/gnu_arm/7.2_2017q4/bin/../lib/gcc/arm-none-eabi/7.2.1/../../../../arm-none-eabi/lib/thumb/v7-m\libg_nano.a
LOAD c:/siliconlabs/simplicitystudio/v4/developer/toolchains/gnu_arm/7.2_2017q4/bin/../lib/gcc/arm-none-eabi/7.2.1/../../../../arm-none-eabi/lib/thumb/v7-m\libc_nano.a
END GROUP
START GROUP
LOAD c:/siliconlabs/simplicitystudio/v4/developer/toolchains/gnu_arm/7.2_2017q4/bin/../lib/gcc/arm-none-eabi/7.2.1/thumb/v7-m\libgcc.a
LOAD c:/siliconlabs/simplicitystudio/v4/developer/toolchains/gnu_arm/7.2_2017q4/bin/../lib/gcc/arm-none-eabi/7.2.1/../../../../arm-none-eabi/lib/thumb/v7-m\libc_nano.a
END GROUP
LOAD c:/siliconlabs/simplicitystudio/v4/developer/toolchains/gnu_arm/7.2_2017q4/bin/../lib/gcc/arm-none-eabi/7.2.1/thumb/v7-m/crtend.o
LOAD c:/siliconlabs/simplicitystudio/v4/developer/toolchains/gnu_arm/7.2_2017q4/bin/../lib/gcc/arm-none-eabi/7.2.1/thumb/v7-m/crtn.o

.text           0x00000000     0x41f0
 *(.vectors)
 .vectors       0x00000000       0xdc ./CMSIS/EFM32GG/startup_efm32gg.o
                0x00000000                __Vectors
                0x000000dc                __Vectors_End = .
                0x000000dc                __Vectors_Size = (__Vectors_End - __Vectors)
                0x000000dc                __end__ = .
 *(.text*)
 .text          0x000000dc       0x40 c:/siliconlabs/simplicitystudio/v4/developer/toolchains/gnu_arm/7.2_2017q4/bin/../lib/gcc/arm-none-eabi/7.2.1/thumb/v7-m/crtbegin.o
 .text          0x0000011c       0x74 c:/siliconlabs/simplicitystudio/v4/developer/toolchains/gnu_arm/7.2_2017q4/bin/../lib/gcc/arm-none-eabi/7.2.1/../../../../arm-none-eabi/lib/thumb/v7-m/crt0.o
                0x0000011c                _start
                0x0000011c                _mainCRTStartup
 .text          0x00000190       0x30 ./CMSIS/EFM32GG/startup_efm32gg.o
                0x00000190                Reset_Handler
                0x000001bc                DebugMon_Handler
                0x000001bc                USART0_TX_IRQHandler
                0x000001bc                I2C0_IRQHandler
                0x000001bc                HardFault_Handler
                0x000001bc                LEUART1_IRQHandler
                0x000001bc                USART1_RX_IRQHandler
                0x000001bc                PendSV_Handler
                0x000001bc                NMI_Handler
                0x000001bc                I2C1_IRQHandler
                0x000001bc                TIMER3_IRQHandler
                0x000001bc                USART1_TX_IRQHandler
                0x000001bc                MSC_IRQHandler
                0x000001bc                ADC0_IRQHandler
                0x000001bc                UsageFault_Handler
                0x000001bc                LEUART0_IRQHandler
                0x000001bc                GPIO_EVEN_IRQHandler
                0x000001bc                UART0_TX_IRQHandler
                0x000001bc                UART1_TX_IRQHandler
                0x000001bc                RTC_IRQHandler
                0x000001bc                TIMER0_IRQHandler
                0x000001bc                TIMER2_IRQHandler
                0x000001bc                LCD_IRQHandler
                0x000001bc                PCNT2_IRQHandler
                0x000001bc                UART0_RX_IRQHandler
                0x000001bc                LETIMER0_IRQHandler
                0x000001bc                TIMER1_IRQHandler
                0x000001bc                USART2_RX_IRQHandler
                0x000001bc                Default_Handler
                0x000001bc                EMU_IRQHandler
                0x000001bc                PCNT0_IRQHandler
                0x000001bc                sl_app_properties
                0x000001bc                USB_IRQHandler
                0x000001bc                BURTC_IRQHandler
                0x000001bc                PCNT1_IRQHandler
                0x000001bc                ACMP0_IRQHandler
                0x000001bc                USART0_RX_IRQHandler
                0x000001bc                MemManage_Handler
                0x000001bc                SVC_Handler
                0x000001bc                DAC0_IRQHandler
                0x000001bc                UART1_RX_IRQHandler
                0x000001bc                CMU_IRQHandler
                0x000001bc                EBI_IRQHandler
                0x000001bc                GPIO_ODD_IRQHandler
                0x000001bc                AES_IRQHandler
                0x000001bc                VCMP_IRQHandler
                0x000001bc                DMA_IRQHandler
                0x000001bc                BusFault_Handler
                0x000001bc                USART2_TX_IRQHandler
 .text.GetProdRev
                0x000001c0       0x18 ./CMSIS/EFM32GG/system_efm32gg.o
 .text.SystemCoreClockGet
                0x000001d8       0x34 ./CMSIS/EFM32GG/system_efm32gg.o
                0x000001d8                SystemCoreClockGet
 .text.SystemMaxCoreClockGet
                0x0000020c       0x14 ./CMSIS/EFM32GG/system_efm32gg.o
                0x0000020c                SystemMaxCoreClockGet
 .text.SystemHFClockGet
                0x00000220      0x100 ./CMSIS/EFM32GG/system_efm32gg.o
                0x00000220                SystemHFClockGet
 .text.SystemHFXOClockGet
                0x00000320       0x14 ./CMSIS/EFM32GG/system_efm32gg.o
                0x00000320                SystemHFXOClockGet
 .text.SystemInit
                0x00000334       0x1c ./CMSIS/EFM32GG/system_efm32gg.o
                0x00000334                SystemInit
 .text.SystemLFRCOClockGet
                0x00000350       0x10 ./CMSIS/EFM32GG/system_efm32gg.o
                0x00000350                SystemLFRCOClockGet
 .text.SystemULFRCOClockGet
                0x00000360       0x10 ./CMSIS/EFM32GG/system_efm32gg.o
                0x00000360                SystemULFRCOClockGet
 .text.SystemLFXOClockGet
                0x00000370       0x14 ./CMSIS/EFM32GG/system_efm32gg.o
                0x00000370                SystemLFXOClockGet
 .text.__NVIC_EnableIRQ
                0x00000384       0x38 ./drivers/caplesense.o
 .text.SystemCoreClockUpdate
                0x000003bc        0xc ./drivers/caplesense.o
 .text.LESENSE_StatusGet
                0x000003c8       0x14 ./drivers/caplesense.o
 .text.LESENSE_ScanResultDataGet
                0x000003dc       0x14 ./drivers/caplesense.o
 .text.LESENSE_ScanResultDataBufferGet
                0x000003f0       0x24 ./drivers/caplesense.o
 .text.LESENSE_IntClear
                0x00000414       0x1c ./drivers/caplesense.o
 .text.LESENSE_IntEnable
                0x00000430       0x24 ./drivers/caplesense.o
 .text.LESENSE_IntDisable
                0x00000454       0x24 ./drivers/caplesense.o
 .text.LESENSE_IntGetEnabled
                0x00000478       0x24 ./drivers/caplesense.o
 .text.CAPLESENSE_setupCMU
                0x0000049c       0x7c ./drivers/caplesense.o
                0x0000049c                CAPLESENSE_setupCMU
 .text.CAPLESENSE_setupGPIO
                0x00000518       0x40 ./drivers/caplesense.o
                0x00000518                CAPLESENSE_setupGPIO
 .text.CAPLESENSE_setupACMP
                0x00000558       0x3c ./drivers/caplesense.o
                0x00000558                CAPLESENSE_setupACMP
 .text.CAPLESENSE_setupLESENSE
                0x00000594      0x194 ./drivers/caplesense.o
                0x00000594                CAPLESENSE_setupLESENSE
 .text.LESENSE_IRQHandler
                0x00000728       0xe4 ./drivers/caplesense.o
                0x00000728                LESENSE_IRQHandler
 .text.CAPLESENSE_getSliderPosition
                0x0000080c      0x160 ./drivers/caplesense.o
                0x0000080c                CAPLESENSE_getSliderPosition
 .text.CAPLESENSE_Sleep
                0x0000096c        0xe ./drivers/caplesense.o
                0x0000096c                CAPLESENSE_Sleep
 .text.CAPLESENSE_Init
                0x0000097a       0x32 ./drivers/caplesense.o
                0x0000097a                CAPLESENSE_Init
 .text.LCD_SyncBusyDelay
                0x000009ac       0x24 ./drivers/segmentlcd.o
 .text.LCD_IntDisable
                0x000009d0       0x24 ./drivers/segmentlcd.o
 .text.SegmentLCD_AllOff
                0x000009f4       0xac ./drivers/segmentlcd.o
                0x000009f4                SegmentLCD_AllOff
 .text.SegmentLCD_Init
                0x00000aa0       0xb8 ./drivers/segmentlcd.o
                0x00000aa0                SegmentLCD_Init
 .text.SYSTEM_ChipRevisionGet
                0x00000b58       0x78 ./emlib/em_system.o
                0x00000b58                SYSTEM_ChipRevisionGet
 .text.BUS_RegBitWrite
                0x00000bd0       0x2c ./src/em_acmp.o
 .text.BUS_RegMaskedWrite
                0x00000bfc       0x28 ./src/em_acmp.o
 .text.ACMP_CapsenseInit
                0x00000c24       0x88 ./src/em_acmp.o
                0x00000c24                ACMP_CapsenseInit
 .text.ACMP_GPIOSetup
                0x00000cac       0x50 ./src/em_acmp.o
                0x00000cac                ACMP_GPIOSetup
 .text.BUS_RegBitWrite
                0x00000cfc       0x2c ./src/em_cmu.o
 .text.BUS_RegBitRead
                0x00000d28       0x28 ./src/em_cmu.o
 .text.SL_Log2ToDiv
                0x00000d50       0x1a ./src/em_cmu.o
 .text.CMU_DivToLog2
                0x00000d6a       0x30 ./src/em_cmu.o
 *fill*         0x00000d9a        0x2 
 .text.SYSTEM_GetProdRev
                0x00000d9c       0x18 ./src/em_cmu.o
 .text.SYSTEM_GetFamily
                0x00000db4       0x18 ./src/em_cmu.o
 .text.maxFreqHfle
                0x00000dcc       0x7c ./src/em_cmu.o
 .text.setHfLeConfig
                0x00000e48       0x64 ./src/em_cmu.o
 .text.getHfLeConfig
                0x00000eac       0x20 ./src/em_cmu.o
 .text.auxClkGet
                0x00000ecc       0xb0 ./src/em_cmu.o
 .text.dbgClkGet
                0x00000f7c       0x40 ./src/em_cmu.o
 .text.flashWaitStateControl
                0x00000fbc       0x98 ./src/em_cmu.o
 .text.flashWaitStateMax
                0x00001054       0x44 ./src/em_cmu.o
 .text.CMU_UpdateWaitStates
                0x00001098       0x40 ./src/em_cmu.o
                0x00001098                CMU_UpdateWaitStates
 .text.lfClkGet
                0x000010d8       0xec ./src/em_cmu.o
 .text.syncReg  0x000011c4       0x34 ./src/em_cmu.o
 .text.usbCClkGet
                0x000011f8       0x4c ./src/em_cmu.o
 .text.hfperClkSafePrescaler
                0x00001244        0xc ./src/em_cmu.o
 .text.hfperClkOptimizedPrescaler
                0x00001250        0xc ./src/em_cmu.o
 .text.CMU_ClockDivGet
                0x0000125c      0x1a4 ./src/em_cmu.o
                0x0000125c                CMU_ClockDivGet
 .text.CMU_ClockDivSet
                0x00001400      0x264 ./src/em_cmu.o
                0x00001400                CMU_ClockDivSet
 .text.CMU_ClockEnable
                0x00001664       0xc8 ./src/em_cmu.o
                0x00001664                CMU_ClockEnable
 .text.CMU_ClockFreqGet
                0x0000172c      0x200 ./src/em_cmu.o
                0x0000172c                CMU_ClockFreqGet
 .text.CMU_ClockSelectGet
                0x0000192c      0x15c ./src/em_cmu.o
                0x0000192c                CMU_ClockSelectGet
 .text.CMU_ClockSelectSet
                0x00001a88      0x298 ./src/em_cmu.o
                0x00001a88                CMU_ClockSelectSet
 .text.CMU_HFRCOBandSet
                0x00001d20       0xd4 ./src/em_cmu.o
                0x00001d20                CMU_HFRCOBandSet
 .text.CMU_LCDClkFDIVSet
                0x00001df4       0x3c ./src/em_cmu.o
                0x00001df4                CMU_LCDClkFDIVSet
 .text.CMU_OscillatorEnable
                0x00001e30       0xbc ./src/em_cmu.o
                0x00001e30                CMU_OscillatorEnable
 .text.CORE_EnterAtomic
                0x00001eec       0x1e ./src/em_core.o
                0x00001eec                CORE_EnterAtomic
 .text.CORE_ExitAtomic
                0x00001f0a       0x1a ./src/em_core.o
                0x00001f0a                CORE_ExitAtomic
 .text.SystemCoreClockUpdate
                0x00001f24        0xc ./src/em_emu.o
 .text.CMU_Lock
                0x00001f30       0x18 ./src/em_emu.o
 .text.CMU_Unlock
                0x00001f48       0x1c ./src/em_emu.o
 .text.emState  0x00001f64       0xcc ./src/em_emu.o
 .text.getErrataFixEmuE107En
                0x00002030       0x68 ./src/em_emu.o
 .text.EMU_EM23PresleepHook
                0x00002098        0xc ./src/em_emu.o
                0x00002098                EMU_EM23PresleepHook
 .text.EMU_EM23PostsleepHook
                0x000020a4        0xc ./src/em_emu.o
                0x000020a4                EMU_EM23PostsleepHook
 .text.EMU_EnterEM2
                0x000020b0       0xa0 ./src/em_emu.o
                0x000020b0                EMU_EnterEM2
 .text.GPIO_PinOutClear
                0x00002150       0x58 ./src/em_gpio.o
 .text.GPIO_PinOutSet
                0x000021a8       0x58 ./src/em_gpio.o
 .text.GPIO_DriveModeSet
                0x00002200       0x70 ./src/em_gpio.o
                0x00002200                GPIO_DriveModeSet
 .text.GPIO_PinModeSet
                0x00002270      0x118 ./src/em_gpio.o
                0x00002270                GPIO_PinModeSet
 .text.LCD_Enable
                0x00002388       0x38 ./src/em_lcd.o
 .text.BUS_RegBitWrite
                0x000023c0       0x2c ./src/em_lcd.o
 .text.LCD_Init
                0x000023ec       0x78 ./src/em_lcd.o
                0x000023ec                LCD_Init
 .text.LCD_VLCDSelect
                0x00002464       0x44 ./src/em_lcd.o
                0x00002464                LCD_VLCDSelect
 .text.LCD_SegmentRangeEnable
                0x000024a8       0x40 ./src/em_lcd.o
                0x000024a8                LCD_SegmentRangeEnable
 .text.LCD_SegmentSet
                0x000024e8      0x1c8 ./src/em_lcd.o
                0x000024e8                LCD_SegmentSet
 .text.LCD_SegmentSetLow
                0x000026b0      0x17c ./src/em_lcd.o
                0x000026b0                LCD_SegmentSetLow
 .text.LCD_SegmentSetHigh
                0x0000282c      0x17c ./src/em_lcd.o
                0x0000282c                LCD_SegmentSetHigh
 .text.LCD_VBoostSet
                0x000029a8       0x28 ./src/em_lcd.o
                0x000029a8                LCD_VBoostSet
 .text.BUS_RegBitWrite
                0x000029d0       0x2c ./src/em_lesense.o
 .text.LESENSE_Init
                0x000029fc      0x168 ./src/em_lesense.o
                0x000029fc                LESENSE_Init
 .text.LESENSE_ScanFreqSet
                0x00002b64       0xbc ./src/em_lesense.o
                0x00002b64                LESENSE_ScanFreqSet
 .text.LESENSE_ScanModeSet
                0x00002c20       0x40 ./src/em_lesense.o
                0x00002c20                LESENSE_ScanModeSet
 .text.LESENSE_StartDelaySet
                0x00002c60       0x34 ./src/em_lesense.o
                0x00002c60                LESENSE_StartDelaySet
 .text.LESENSE_ClkDivSet
                0x00002c94       0x60 ./src/em_lesense.o
                0x00002c94                LESENSE_ClkDivSet
 .text.LESENSE_ChannelAllConfig
                0x00002cf4       0x32 ./src/em_lesense.o
                0x00002cf4                LESENSE_ChannelAllConfig
 *fill*         0x00002d26        0x2 
 .text.LESENSE_ChannelConfig
                0x00002d28      0x148 ./src/em_lesense.o
                0x00002d28                LESENSE_ChannelConfig
 .text.LESENSE_ChannelTimingSet
                0x00002e70       0x48 ./src/em_lesense.o
                0x00002e70                LESENSE_ChannelTimingSet
 .text.LESENSE_ChannelThresSet
                0x00002eb8       0x7c ./src/em_lesense.o
                0x00002eb8                LESENSE_ChannelThresSet
 .text.LESENSE_DecoderStateSet
                0x00002f34       0x20 ./src/em_lesense.o
                0x00002f34                LESENSE_DecoderStateSet
 .text.LESENSE_ScanStart
                0x00002f54       0x34 ./src/em_lesense.o
                0x00002f54                LESENSE_ScanStart
 .text.LESENSE_ScanStop
                0x00002f88       0x34 ./src/em_lesense.o
                0x00002f88                LESENSE_ScanStop
 .text.LESENSE_ResultBufferClear
                0x00002fbc       0x34 ./src/em_lesense.o
                0x00002fbc                LESENSE_ResultBufferClear
 .text.LESENSE_Reset
                0x00002ff0       0xf0 ./src/em_lesense.o
                0x00002ff0                LESENSE_Reset
 .text.__NVIC_SetPriority
                0x000030e0       0x54 ./src/main.o
 .text.SysTick_Config
                0x00003134       0x44 ./src/main.o
 .text.SYSTEM_GetProdRev
                0x00003178       0x18 ./src/main.o
 .text.CHIP_Init
                0x00003190       0x48 ./src/main.o
 .text.SysTick_Handler
                0x000031d8      0x148 ./src/main.o
                0x000031d8                SysTick_Handler
 .text.direction_change
                0x00003320       0x64 ./src/main.o
                0x00003320                direction_change
 .text.digit_change
                0x00003384       0x20 ./src/main.o
                0x00003384                digit_change
 .text.next_position_generator
                0x000033a4       0xd8 ./src/main.o
                0x000033a4                next_position_generator
 .text.numeric_meteor_generator
                0x0000347c       0xa8 ./src/main.o
                0x0000347c                numeric_meteor_generator
 .text.all_meteor_generator
                0x00003524      0x1e8 ./src/main.o
                0x00003524                all_meteor_generator
 .text.first_meteor_generator
                0x0000370c      0x1a0 ./src/main.o
                0x0000370c                first_meteor_generator
 .text.main     0x000038ac       0xe0 ./src/main.o
                0x000038ac                main
 .text.LCD_FreezeEnable
                0x0000398c       0x2c ./src/segmentlcd_individual.o
 .text.LCD_SyncBusyDelay
                0x000039b8       0x24 ./src/segmentlcd_individual.o
 .text.SegmentLCD_LowerSegments
                0x000039dc       0xb0 ./src/segmentlcd_individual.o
                0x000039dc                SegmentLCD_LowerSegments
 .text.exit     0x00003a8c       0x28 c:/siliconlabs/simplicitystudio/v4/developer/toolchains/gnu_arm/7.2_2017q4/bin/../lib/gcc/arm-none-eabi/7.2.1/../../../../arm-none-eabi/lib/thumb/v7-m\libc_nano.a(lib_a-exit.o)
                0x00003a8c                exit
 .text.__libc_init_array
                0x00003ab4       0x48 c:/siliconlabs/simplicitystudio/v4/developer/toolchains/gnu_arm/7.2_2017q4/bin/../lib/gcc/arm-none-eabi/7.2.1/../../../../arm-none-eabi/lib/thumb/v7-m\libc_nano.a(lib_a-init.o)
                0x00003ab4                __libc_init_array
 .text.memset   0x00003afc       0x10 c:/siliconlabs/simplicitystudio/v4/developer/toolchains/gnu_arm/7.2_2017q4/bin/../lib/gcc/arm-none-eabi/7.2.1/../../../../arm-none-eabi/lib/thumb/v7-m\libc_nano.a(lib_a-memset.o)
                0x00003afc                memset
 .text.srand    0x00003b0c       0x48 c:/siliconlabs/simplicitystudio/v4/developer/toolchains/gnu_arm/7.2_2017q4/bin/../lib/gcc/arm-none-eabi/7.2.1/../../../../arm-none-eabi/lib/thumb/v7-m\libc_nano.a(lib_a-rand.o)
                0x00003b0c                srand
 .text.rand     0x00003b54       0x68 c:/siliconlabs/simplicitystudio/v4/developer/toolchains/gnu_arm/7.2_2017q4/bin/../lib/gcc/arm-none-eabi/7.2.1/../../../../arm-none-eabi/lib/thumb/v7-m\libc_nano.a(lib_a-rand.o)
                0x00003b54                rand
 .text.time     0x00003bbc       0x34 c:/siliconlabs/simplicitystudio/v4/developer/toolchains/gnu_arm/7.2_2017q4/bin/../lib/gcc/arm-none-eabi/7.2.1/../../../../arm-none-eabi/lib/thumb/v7-m\libc_nano.a(lib_a-time.o)
                0x00003bbc                time
 .text._gettimeofday_r
                0x00003bf0       0x24 c:/siliconlabs/simplicitystudio/v4/developer/toolchains/gnu_arm/7.2_2017q4/bin/../lib/gcc/arm-none-eabi/7.2.1/../../../../arm-none-eabi/lib/thumb/v7-m\libc_nano.a(lib_a-gettimeofdayr.o)
                0x00003bf0                _gettimeofday_r
 .text.malloc   0x00003c14       0x10 c:/siliconlabs/simplicitystudio/v4/developer/toolchains/gnu_arm/7.2_2017q4/bin/../lib/gcc/arm-none-eabi/7.2.1/../../../../arm-none-eabi/lib/thumb/v7-m\libc_nano.a(lib_a-malloc.o)
                0x00003c14                malloc
 .text._malloc_r
                0x00003c24       0xb4 c:/siliconlabs/simplicitystudio/v4/developer/toolchains/gnu_arm/7.2_2017q4/bin/../lib/gcc/arm-none-eabi/7.2.1/../../../../arm-none-eabi/lib/thumb/v7-m\libc_nano.a(lib_a-nano-mallocr.o)
                0x00003c24                _malloc_r
 .text._sbrk_r  0x00003cd8       0x20 c:/siliconlabs/simplicitystudio/v4/developer/toolchains/gnu_arm/7.2_2017q4/bin/../lib/gcc/arm-none-eabi/7.2.1/../../../../arm-none-eabi/lib/thumb/v7-m\libc_nano.a(lib_a-sbrkr.o)
                0x00003cd8                _sbrk_r
 .text.__malloc_lock
                0x00003cf8        0x2 c:/siliconlabs/simplicitystudio/v4/developer/toolchains/gnu_arm/7.2_2017q4/bin/../lib/gcc/arm-none-eabi/7.2.1/../../../../arm-none-eabi/lib/thumb/v7-m\libc_nano.a(lib_a-mlock.o)
                0x00003cf8                __malloc_lock
 .text.__malloc_unlock
                0x00003cfa        0x2 c:/siliconlabs/simplicitystudio/v4/developer/toolchains/gnu_arm/7.2_2017q4/bin/../lib/gcc/arm-none-eabi/7.2.1/../../../../arm-none-eabi/lib/thumb/v7-m\libc_nano.a(lib_a-mlock.o)
                0x00003cfa                __malloc_unlock
 .text._gettimeofday
                0x00003cfc       0x10 c:/siliconlabs/simplicitystudio/v4/developer/toolchains/gnu_arm/7.2_2017q4/bin/../lib/gcc/arm-none-eabi/7.2.1/../../../../arm-none-eabi/lib/thumb/v7-m\libnosys.a(gettod.o)
                0x00003cfc                _gettimeofday
 .text._sbrk    0x00003d0c       0x1c c:/siliconlabs/simplicitystudio/v4/developer/toolchains/gnu_arm/7.2_2017q4/bin/../lib/gcc/arm-none-eabi/7.2.1/../../../../arm-none-eabi/lib/thumb/v7-m\libnosys.a(sbrk.o)
                0x00003d0c                _sbrk
 .text._exit    0x00003d28        0x4 c:/siliconlabs/simplicitystudio/v4/developer/toolchains/gnu_arm/7.2_2017q4/bin/../lib/gcc/arm-none-eabi/7.2.1/../../../../arm-none-eabi/lib/thumb/v7-m\libnosys.a(_exit.o)
                0x00003d28                _exit
 *(.init)
 .init          0x00003d2c        0x4 c:/siliconlabs/simplicitystudio/v4/developer/toolchains/gnu_arm/7.2_2017q4/bin/../lib/gcc/arm-none-eabi/7.2.1/thumb/v7-m/crti.o
                0x00003d2c                _init
 .init          0x00003d30        0x8 c:/siliconlabs/simplicitystudio/v4/developer/toolchains/gnu_arm/7.2_2017q4/bin/../lib/gcc/arm-none-eabi/7.2.1/thumb/v7-m/crtn.o
 *(.fini)
 .fini          0x00003d38        0x4 c:/siliconlabs/simplicitystudio/v4/developer/toolchains/gnu_arm/7.2_2017q4/bin/../lib/gcc/arm-none-eabi/7.2.1/thumb/v7-m/crti.o
                0x00003d38                _fini
 .fini          0x00003d3c        0x8 c:/siliconlabs/simplicitystudio/v4/developer/toolchains/gnu_arm/7.2_2017q4/bin/../lib/gcc/arm-none-eabi/7.2.1/thumb/v7-m/crtn.o
 *crtbegin.o(.ctors)
 *crtbegin?.o(.ctors)
 *(EXCLUDE_FILE(*crtend.o *crtend?.o) .ctors)
 *(SORT_BY_NAME(.ctors.*))
 *(.ctors)
 *crtbegin.o(.dtors)
 *crtbegin?.o(.dtors)
 *(EXCLUDE_FILE(*crtend.o *crtend?.o) .dtors)
 *(SORT_BY_NAME(.dtors.*))
 *(.dtors)
 *(.rodata*)
 .rodata.channelsInUse
                0x00003d44       0x10 ./drivers/caplesense.o
 .rodata        0x00003d54       0x2c ./drivers/caplesense.o
 .rodata.initACMP.6224
                0x00003d80       0x14 ./drivers/caplesense.o
 .rodata.initLESENSE.6234
                0x00003d94       0x40 ./drivers/caplesense.o
 .rodata.initChsSleep.6233
                0x00003dd4      0x200 ./drivers/caplesense.o
 .rodata.initChsSense.6232
                0x00003fd4      0x200 ./drivers/caplesense.o
 .rodata.lcdInit
                0x000041d4       0x14 ./drivers/segmentlcd.o
 .rodata._global_impure_ptr
                0x000041e8        0x4 c:/siliconlabs/simplicitystudio/v4/developer/toolchains/gnu_arm/7.2_2017q4/bin/../lib/gcc/arm-none-eabi/7.2.1/../../../../arm-none-eabi/lib/thumb/v7-m\libc_nano.a(lib_a-impure.o)
                0x000041e8                _global_impure_ptr
 *(.eh_frame*)
 .eh_frame      0x000041ec        0x0 c:/siliconlabs/simplicitystudio/v4/developer/toolchains/gnu_arm/7.2_2017q4/bin/../lib/gcc/arm-none-eabi/7.2.1/thumb/v7-m/crtbegin.o
 .eh_frame      0x000041ec        0x4 c:/siliconlabs/simplicitystudio/v4/developer/toolchains/gnu_arm/7.2_2017q4/bin/../lib/gcc/arm-none-eabi/7.2.1/thumb/v7-m/crtend.o

.glue_7         0x000041f0        0x0
 .glue_7        0x000041f0        0x0 linker stubs

.glue_7t        0x000041f0        0x0
 .glue_7t       0x000041f0        0x0 linker stubs

.vfp11_veneer   0x000041f0        0x0
 .vfp11_veneer  0x000041f0        0x0 linker stubs

.v4_bx          0x000041f0        0x0
 .v4_bx         0x000041f0        0x0 linker stubs

.iplt           0x000041f0        0x0
 .iplt          0x000041f0        0x0 c:/siliconlabs/simplicitystudio/v4/developer/toolchains/gnu_arm/7.2_2017q4/bin/../lib/gcc/arm-none-eabi/7.2.1/thumb/v7-m/crtbegin.o

.ARM.extab
 *(.ARM.extab* .gnu.linkonce.armextab.*)
                0x000041f0                __exidx_start = .

.ARM.exidx      0x000041f0        0x8
 *(.ARM.exidx* .gnu.linkonce.armexidx.*)
 .ARM.exidx     0x000041f0        0x8 c:/siliconlabs/simplicitystudio/v4/developer/toolchains/gnu_arm/7.2_2017q4/bin/../lib/gcc/arm-none-eabi/7.2.1/../../../../arm-none-eabi/lib/thumb/v7-m/crt0.o
                0x000041f8                __exidx_end = .
                0x000041f8                __etext = .

.rel.dyn        0x000041f8        0x0
 .rel.iplt      0x000041f8        0x0 c:/siliconlabs/simplicitystudio/v4/developer/toolchains/gnu_arm/7.2_2017q4/bin/../lib/gcc/arm-none-eabi/7.2.1/thumb/v7-m/crtbegin.o

.data           0x20000000      0x188 load address 0x000041f8
                0x20000000                __data_start__ = .
 *(vtable)
 *(.data*)
 .data.SystemHFXOClock
                0x20000000        0x4 ./CMSIS/EFM32GG/system_efm32gg.o
 .data.SystemLFXOClock
                0x20000004        0x4 ./CMSIS/EFM32GG/system_efm32gg.o
 .data.SystemCoreClock
                0x20000008        0x4 ./CMSIS/EFM32GG/system_efm32gg.o
                0x20000008                SystemCoreClock
 .data.channelMaxValues
                0x2000000c       0x40 ./drivers/caplesense.o
 .data.init.6230
                0x2000004c        0x1 ./drivers/caplesense.o
 .data.cdir     0x2000004d        0x1 ./src/main.o
                0x2000004d                cdir
 *fill*         0x2000004e        0x2 
 .data.cpos     0x20000050        0x4 ./src/main.o
                0x20000050                cpos
 .data.location
                0x20000054        0x4 ./src/main.o
                0x20000054                location
 .data.Text     0x20000058       0xc4 ./src/segmentlcd_individual.o
                0x20000058                Text
 .data._impure_ptr
                0x2000011c        0x4 c:/siliconlabs/simplicitystudio/v4/developer/toolchains/gnu_arm/7.2_2017q4/bin/../lib/gcc/arm-none-eabi/7.2.1/../../../../arm-none-eabi/lib/thumb/v7-m\libc_nano.a(lib_a-impure.o)
                0x2000011c                _impure_ptr
 .data.impure_data
                0x20000120       0x60 c:/siliconlabs/simplicitystudio/v4/developer/toolchains/gnu_arm/7.2_2017q4/bin/../lib/gcc/arm-none-eabi/7.2.1/../../../../arm-none-eabi/lib/thumb/v7-m\libc_nano.a(lib_a-impure.o)
                0x20000180                . = ALIGN (0x4)
                [!provide]                PROVIDE (__ram_func_section_start, .)
 *(.ram)
                [!provide]                PROVIDE (__ram_func_section_end, .)
                0x20000180                . = ALIGN (0x4)
                0x20000180                PROVIDE (__preinit_array_start, .)
 *(.preinit_array)
                0x20000180                PROVIDE (__preinit_array_end, .)
                0x20000180                . = ALIGN (0x4)
                0x20000180                PROVIDE (__init_array_start, .)
 *(SORT_BY_NAME(.init_array.*))
 *(.init_array)
 .init_array    0x20000180        0x4 c:/siliconlabs/simplicitystudio/v4/developer/toolchains/gnu_arm/7.2_2017q4/bin/../lib/gcc/arm-none-eabi/7.2.1/thumb/v7-m/crtbegin.o
                0x20000184                PROVIDE (__init_array_end, .)
                0x20000184                . = ALIGN (0x4)
                [!provide]                PROVIDE (__fini_array_start, .)
 *(SORT_BY_NAME(.fini_array.*))
 *(.fini_array)
 .fini_array    0x20000184        0x4 c:/siliconlabs/simplicitystudio/v4/developer/toolchains/gnu_arm/7.2_2017q4/bin/../lib/gcc/arm-none-eabi/7.2.1/thumb/v7-m/crtbegin.o
                [!provide]                PROVIDE (__fini_array_end, .)
 *(.jcr*)
                0x20000188                . = ALIGN (0x4)
                0x20000188                __data_end__ = .

.igot.plt       0x20000188        0x0 load address 0x00004380
 .igot.plt      0x20000188        0x0 c:/siliconlabs/simplicitystudio/v4/developer/toolchains/gnu_arm/7.2_2017q4/bin/../lib/gcc/arm-none-eabi/7.2.1/thumb/v7-m/crtbegin.o

.bss            0x20000188       0xdc load address 0x00004380
                0x20000188                . = ALIGN (0x4)
                0x20000188                __bss_start__ = .
 *(.bss*)
 .bss           0x20000188       0x1c c:/siliconlabs/simplicitystudio/v4/developer/toolchains/gnu_arm/7.2_2017q4/bin/../lib/gcc/arm-none-eabi/7.2.1/thumb/v7-m/crtbegin.o
 .bss.channelValues
                0x200001a4       0x40 ./drivers/caplesense.o
 .bss.lesenseScanCb
                0x200001e4        0x4 ./drivers/caplesense.o
 .bss.lesenseChCb
                0x200001e8        0x4 ./drivers/caplesense.o
 .bss.currentChannel
                0x200001ec        0x1 ./drivers/caplesense.o
 *fill*         0x200001ed        0x3 
 .bss.capsenseCalibrateVals.6231
                0x200001f0        0x8 ./drivers/caplesense.o
 .bss.cmuStatus.5798
                0x200001f8        0x4 ./src/em_emu.o
 .bss.hfClock.5799
                0x200001fc        0x1 ./src/em_emu.o
 *fill*         0x200001fd        0x3 
 .bss.cdigit    0x20000200        0x4 ./src/main.o
                0x20000200                cdigit
 .bss.points    0x20000204        0x4 ./src/main.o
                0x20000204                points
 .bss.__malloc_free_list
                0x20000208        0x4 c:/siliconlabs/simplicitystudio/v4/developer/toolchains/gnu_arm/7.2_2017q4/bin/../lib/gcc/arm-none-eabi/7.2.1/../../../../arm-none-eabi/lib/thumb/v7-m\libc_nano.a(lib_a-nano-mallocr.o)
                0x20000208                __malloc_free_list
 .bss.__malloc_sbrk_start
                0x2000020c        0x4 c:/siliconlabs/simplicitystudio/v4/developer/toolchains/gnu_arm/7.2_2017q4/bin/../lib/gcc/arm-none-eabi/7.2.1/../../../../arm-none-eabi/lib/thumb/v7-m\libc_nano.a(lib_a-nano-mallocr.o)
                0x2000020c                __malloc_sbrk_start
 .bss.heap_end.4102
                0x20000210        0x4 c:/siliconlabs/simplicitystudio/v4/developer/toolchains/gnu_arm/7.2_2017q4/bin/../lib/gcc/arm-none-eabi/7.2.1/../../../../arm-none-eabi/lib/thumb/v7-m\libnosys.a(sbrk.o)
 *(COMMON)
 *fill*         0x20000214        0x4 
 COMMON         0x20000218       0x48 ./src/main.o
                0x20000218                meteor2
                0x20000220                t
                0x20000228                map
                0x20000238                npos
                0x2000023c                randSegment
                0x20000240                dchange
                0x20000244                meteor1
                0x20000248                lose2
                0x2000024c                ndir
                0x20000250                msTicks
                0x20000254                meteor_Reset
                0x20000258                meteor3
                0x2000025c                randDigit
 COMMON         0x20000260        0x4 c:/siliconlabs/simplicitystudio/v4/developer/toolchains/gnu_arm/7.2_2017q4/bin/../lib/gcc/arm-none-eabi/7.2.1/../../../../arm-none-eabi/lib/thumb/v7-m\libc_nano.a(lib_a-reent.o)
                0x20000260                errno
                0x20000264                . = ALIGN (0x4)
                0x20000264                __bss_end__ = .

.heap           0x20000268      0xc00
                0x20000268                __HeapBase = .
                0x20000268                __end__ = .
                0x20000268                end = __end__
                0x20000268                _end = __end__
 *(.heap*)
 .heap          0x20000268      0xc00 ./CMSIS/EFM32GG/startup_efm32gg.o
                0x20000e68                __HeapLimit = .

.stack_dummy    0x20000268      0x400
 *(.stack*)
 .stack         0x20000268      0x400 ./CMSIS/EFM32GG/startup_efm32gg.o
                0x20020000                __StackTop = (ORIGIN (RAM) + LENGTH (RAM))
                0x2001fc00                __StackLimit = (__StackTop - SIZEOF (.stack_dummy))
                0x20020000                PROVIDE (__stack, __StackTop)
                0x00000001                ASSERT ((__StackLimit >= __HeapLimit), region RAM overflowed with stack)
                0x00000001                ASSERT ((LENGTH (FLASH) >= (__etext + SIZEOF (.data))), FLASH memory overflowed !)
OUTPUT(HF1.axf elf32-littlearm)

.ARM.attributes
                0x00000000       0x29
 .ARM.attributes
                0x00000000       0x1d c:/siliconlabs/simplicitystudio/v4/developer/toolchains/gnu_arm/7.2_2017q4/bin/../lib/gcc/arm-none-eabi/7.2.1/thumb/v7-m/crti.o
 .ARM.attributes
                0x0000001d       0x2d c:/siliconlabs/simplicitystudio/v4/developer/toolchains/gnu_arm/7.2_2017q4/bin/../lib/gcc/arm-none-eabi/7.2.1/thumb/v7-m/crtbegin.o
 .ARM.attributes
                0x0000004a       0x1b c:/siliconlabs/simplicitystudio/v4/developer/toolchains/gnu_arm/7.2_2017q4/bin/../lib/gcc/arm-none-eabi/7.2.1/../../../../arm-none-eabi/lib/thumb/v7-m/crt0.o
 .ARM.attributes
                0x00000065       0x1b ./CMSIS/EFM32GG/startup_efm32gg.o
 .ARM.attributes
                0x00000080       0x33 ./CMSIS/EFM32GG/system_efm32gg.o
 .ARM.attributes
                0x000000b3       0x33 ./drivers/caplesense.o
 .ARM.attributes
                0x000000e6       0x33 ./drivers/segmentlcd.o
 .ARM.attributes
                0x00000119       0x33 ./emlib/em_system.o
 .ARM.attributes
                0x0000014c       0x33 ./src/em_acmp.o
 .ARM.attributes
                0x0000017f       0x33 ./src/em_cmu.o
 .ARM.attributes
                0x000001b2       0x33 ./src/em_core.o
 .ARM.attributes
                0x000001e5       0x33 ./src/em_emu.o
 .ARM.attributes
                0x00000218       0x33 ./src/em_gpio.o
 .ARM.attributes
                0x0000024b       0x33 ./src/em_lcd.o
 .ARM.attributes
                0x0000027e       0x33 ./src/em_lesense.o
 .ARM.attributes
                0x000002b1       0x33 ./src/main.o
 .ARM.attributes
                0x000002e4       0x33 ./src/segmentlcd_individual.o
 .ARM.attributes
                0x00000317       0x2d c:/siliconlabs/simplicitystudio/v4/developer/toolchains/gnu_arm/7.2_2017q4/bin/../lib/gcc/arm-none-eabi/7.2.1/../../../../arm-none-eabi/lib/thumb/v7-m\libc_nano.a(lib_a-exit.o)
 .ARM.attributes
                0x00000344       0x2d c:/siliconlabs/simplicitystudio/v4/developer/toolchains/gnu_arm/7.2_2017q4/bin/../lib/gcc/arm-none-eabi/7.2.1/../../../../arm-none-eabi/lib/thumb/v7-m\libc_nano.a(lib_a-impure.o)
 .ARM.attributes
                0x00000371       0x2d c:/siliconlabs/simplicitystudio/v4/developer/toolchains/gnu_arm/7.2_2017q4/bin/../lib/gcc/arm-none-eabi/7.2.1/../../../../arm-none-eabi/lib/thumb/v7-m\libc_nano.a(lib_a-init.o)
 .ARM.attributes
                0x0000039e       0x2d c:/siliconlabs/simplicitystudio/v4/developer/toolchains/gnu_arm/7.2_2017q4/bin/../lib/gcc/arm-none-eabi/7.2.1/../../../../arm-none-eabi/lib/thumb/v7-m\libc_nano.a(lib_a-memset.o)
 .ARM.attributes
                0x000003cb       0x2d c:/siliconlabs/simplicitystudio/v4/developer/toolchains/gnu_arm/7.2_2017q4/bin/../lib/gcc/arm-none-eabi/7.2.1/../../../../arm-none-eabi/lib/thumb/v7-m\libc_nano.a(lib_a-rand.o)
 .ARM.attributes
                0x000003f8       0x2d c:/siliconlabs/simplicitystudio/v4/developer/toolchains/gnu_arm/7.2_2017q4/bin/../lib/gcc/arm-none-eabi/7.2.1/../../../../arm-none-eabi/lib/thumb/v7-m\libc_nano.a(lib_a-time.o)
 .ARM.attributes
                0x00000425       0x2d c:/siliconlabs/simplicitystudio/v4/developer/toolchains/gnu_arm/7.2_2017q4/bin/../lib/gcc/arm-none-eabi/7.2.1/../../../../arm-none-eabi/lib/thumb/v7-m\libc_nano.a(lib_a-gettimeofdayr.o)
 .ARM.attributes
                0x00000452       0x2d c:/siliconlabs/simplicitystudio/v4/developer/toolchains/gnu_arm/7.2_2017q4/bin/../lib/gcc/arm-none-eabi/7.2.1/../../../../arm-none-eabi/lib/thumb/v7-m\libc_nano.a(lib_a-malloc.o)
 .ARM.attributes
                0x0000047f       0x2d c:/siliconlabs/simplicitystudio/v4/developer/toolchains/gnu_arm/7.2_2017q4/bin/../lib/gcc/arm-none-eabi/7.2.1/../../../../arm-none-eabi/lib/thumb/v7-m\libc_nano.a(lib_a-nano-mallocr.o)
 .ARM.attributes
                0x000004ac       0x2d c:/siliconlabs/simplicitystudio/v4/developer/toolchains/gnu_arm/7.2_2017q4/bin/../lib/gcc/arm-none-eabi/7.2.1/../../../../arm-none-eabi/lib/thumb/v7-m\libc_nano.a(lib_a-reent.o)
 .ARM.attributes
                0x000004d9       0x2d c:/siliconlabs/simplicitystudio/v4/developer/toolchains/gnu_arm/7.2_2017q4/bin/../lib/gcc/arm-none-eabi/7.2.1/../../../../arm-none-eabi/lib/thumb/v7-m\libc_nano.a(lib_a-sbrkr.o)
 .ARM.attributes
                0x00000506       0x2d c:/siliconlabs/simplicitystudio/v4/developer/toolchains/gnu_arm/7.2_2017q4/bin/../lib/gcc/arm-none-eabi/7.2.1/../../../../arm-none-eabi/lib/thumb/v7-m\libc_nano.a(lib_a-mlock.o)
 .ARM.attributes
                0x00000533       0x2d c:/siliconlabs/simplicitystudio/v4/developer/toolchains/gnu_arm/7.2_2017q4/bin/../lib/gcc/arm-none-eabi/7.2.1/../../../../arm-none-eabi/lib/thumb/v7-m\libnosys.a(gettod.o)
 .ARM.attributes
                0x00000560       0x2d c:/siliconlabs/simplicitystudio/v4/developer/toolchains/gnu_arm/7.2_2017q4/bin/../lib/gcc/arm-none-eabi/7.2.1/../../../../arm-none-eabi/lib/thumb/v7-m\libnosys.a(sbrk.o)
 .ARM.attributes
                0x0000058d       0x2d c:/siliconlabs/simplicitystudio/v4/developer/toolchains/gnu_arm/7.2_2017q4/bin/../lib/gcc/arm-none-eabi/7.2.1/../../../../arm-none-eabi/lib/thumb/v7-m\libnosys.a(_exit.o)
 .ARM.attributes
                0x000005ba       0x2d c:/siliconlabs/simplicitystudio/v4/developer/toolchains/gnu_arm/7.2_2017q4/bin/../lib/gcc/arm-none-eabi/7.2.1/thumb/v7-m/crtend.o
 .ARM.attributes
                0x000005e7       0x1d c:/siliconlabs/simplicitystudio/v4/developer/toolchains/gnu_arm/7.2_2017q4/bin/../lib/gcc/arm-none-eabi/7.2.1/thumb/v7-m/crtn.o

.comment        0x00000000       0x7e
 .comment       0x00000000       0x7e ./CMSIS/EFM32GG/system_efm32gg.o
                                 0x7f (size before relaxing)
 .comment       0x0000007e       0x7f ./drivers/caplesense.o
 .comment       0x0000007e       0x7f ./drivers/segmentlcd.o
 .comment       0x0000007e       0x7f ./emlib/em_system.o
 .comment       0x0000007e       0x7f ./src/em_acmp.o
 .comment       0x0000007e       0x7f ./src/em_cmu.o
 .comment       0x0000007e       0x7f ./src/em_core.o
 .comment       0x0000007e       0x7f ./src/em_emu.o
 .comment       0x0000007e       0x7f ./src/em_gpio.o
 .comment       0x0000007e       0x7f ./src/em_lcd.o
 .comment       0x0000007e       0x7f ./src/em_lesense.o
 .comment       0x0000007e       0x7f ./src/main.o
 .comment       0x0000007e       0x7f ./src/segmentlcd_individual.o

.debug_line     0x00000000     0x8efd
 .debug_line    0x00000000       0xd3 ./CMSIS/EFM32GG/startup_efm32gg.o
 .debug_line    0x000000d3      0x896 ./CMSIS/EFM32GG/system_efm32gg.o
 .debug_line    0x00000969      0xb6c ./drivers/caplesense.o
 .debug_line    0x000014d5      0xd76 ./drivers/segmentlcd.o
 .debug_line    0x0000224b      0x860 ./emlib/em_system.o
 .debug_line    0x00002aab      0x911 ./src/em_acmp.o
 .debug_line    0x000033bc     0x10a9 ./src/em_cmu.o
 .debug_line    0x00004465      0xb2b ./src/em_core.o
 .debug_line    0x00004f90      0xc01 ./src/em_emu.o
 .debug_line    0x00005b91      0x9b5 ./src/em_gpio.o
 .debug_line    0x00006546      0xa09 ./src/em_lcd.o
 .debug_line    0x00006f4f      0xbb5 ./src/em_lesense.o
 .debug_line    0x00007b04      0xb8a ./src/main.o
 .debug_line    0x0000868e      0x86f ./src/segmentlcd_individual.o

.debug_info     0x00000000     0xc0f5
 .debug_info    0x00000000       0x26 ./CMSIS/EFM32GG/startup_efm32gg.o
 .debug_info    0x00000026      0x7a7 ./CMSIS/EFM32GG/system_efm32gg.o
 .debug_info    0x000007cd     0x17ea ./drivers/caplesense.o
 .debug_info    0x00001fb7     0x1bfd ./drivers/segmentlcd.o
 .debug_info    0x00003bb4      0x2d6 ./emlib/em_system.o
 .debug_info    0x00003e8a      0x6b6 ./src/em_acmp.o
 .debug_info    0x00004540     0x1624 ./src/em_cmu.o
 .debug_info    0x00005b64      0xda0 ./src/em_core.o
 .debug_info    0x00006904     0x118a ./src/em_emu.o
 .debug_info    0x00007a8e      0x6f4 ./src/em_gpio.o
 .debug_info    0x00008182      0xb0e ./src/em_lcd.o
 .debug_info    0x00008c90     0x14fd ./src/em_lesense.o
 .debug_info    0x0000a18d     0x189a ./src/main.o
 .debug_info    0x0000ba27      0x6ce ./src/segmentlcd_individual.o

.debug_abbrev   0x00000000     0x1f97
 .debug_abbrev  0x00000000       0x14 ./CMSIS/EFM32GG/startup_efm32gg.o
 .debug_abbrev  0x00000014      0x1eb ./CMSIS/EFM32GG/system_efm32gg.o
 .debug_abbrev  0x000001ff      0x30c ./drivers/caplesense.o
 .debug_abbrev  0x0000050b      0x2ba ./drivers/segmentlcd.o
 .debug_abbrev  0x000007c5      0x153 ./emlib/em_system.o
 .debug_abbrev  0x00000918      0x1f1 ./src/em_acmp.o
 .debug_abbrev  0x00000b09      0x307 ./src/em_cmu.o
 .debug_abbrev  0x00000e10      0x28f ./src/em_core.o
 .debug_abbrev  0x0000109f      0x2ad ./src/em_emu.o
 .debug_abbrev  0x0000134c      0x21d ./src/em_gpio.o
 .debug_abbrev  0x00001569      0x24b ./src/em_lcd.o
 .debug_abbrev  0x000017b4      0x28b ./src/em_lesense.o
 .debug_abbrev  0x00001a3f      0x3ca ./src/main.o
 .debug_abbrev  0x00001e09      0x18e ./src/segmentlcd_individual.o

.debug_aranges  0x00000000      0x8a0
 .debug_aranges
                0x00000000       0x20 ./CMSIS/EFM32GG/startup_efm32gg.o
 .debug_aranges
                0x00000020       0x70 ./CMSIS/EFM32GG/system_efm32gg.o
 .debug_aranges
                0x00000090       0xc0 ./drivers/caplesense.o
 .debug_aranges
                0x00000150       0xc8 ./drivers/segmentlcd.o
 .debug_aranges
                0x00000218       0x28 ./emlib/em_system.o
 .debug_aranges
                0x00000240       0x68 ./src/em_acmp.o
 .debug_aranges
                0x000002a8      0x180 ./src/em_cmu.o
 .debug_aranges
                0x00000428       0xe8 ./src/em_core.o
 .debug_aranges
                0x00000510       0xe8 ./src/em_emu.o
 .debug_aranges
                0x000005f8       0x78 ./src/em_gpio.o
 .debug_aranges
                0x00000670       0xa8 ./src/em_lcd.o
 .debug_aranges
                0x00000718       0xc8 ./src/em_lesense.o
 .debug_aranges
                0x000007e0       0x88 ./src/main.o
 .debug_aranges
                0x00000868       0x38 ./src/segmentlcd_individual.o

.debug_str      0x00000000    0xe1dbc
 .debug_str     0x00000000       0xdf ./CMSIS/EFM32GG/startup_efm32gg.o
 .debug_str     0x000000df    0xd2871 ./CMSIS/EFM32GG/system_efm32gg.o
                              0xd2eeb (size before relaxing)
 .debug_str     0x000d2950     0x4c5a ./drivers/caplesense.o
                              0xd781f (size before relaxing)
 .debug_str     0x000d75aa     0x6c49 ./drivers/segmentlcd.o
                              0xdb158 (size before relaxing)
 .debug_str     0x000de1f3      0x148 ./emlib/em_system.o
                              0xd2fa4 (size before relaxing)
 .debug_str     0x000de33b      0x2c3 ./src/em_acmp.o
                              0xd3814 (size before relaxing)
 .debug_str     0x000de5fe      0xdca ./src/em_cmu.o
                              0xd6cc4 (size before relaxing)
 .debug_str     0x000df3c8      0x370 ./src/em_core.o
                              0xd3aae (size before relaxing)
 .debug_str     0x000df738      0x6a1 ./src/em_emu.o
                              0xd6f07 (size before relaxing)
 .debug_str     0x000dfdd9      0x272 ./src/em_gpio.o
                              0xd36bc (size before relaxing)
 .debug_str     0x000e004b      0x35d ./src/em_lcd.o
                              0xd3322 (size before relaxing)
 .debug_str     0x000e03a8      0x55b ./src/em_lesense.o
                              0xd610b (size before relaxing)
 .debug_str     0x000e0903      0x60f ./src/main.o
                              0xd81c9 (size before relaxing)
 .debug_str     0x000e0f12      0xeaa ./src/segmentlcd_individual.o
                              0xd3c39 (size before relaxing)

.debug_loc      0x00000000     0x4934
 .debug_loc     0x00000000      0x31c ./CMSIS/EFM32GG/system_efm32gg.o
 .debug_loc     0x0000031c      0x64a ./drivers/caplesense.o
 .debug_loc     0x00000966      0x66a ./drivers/segmentlcd.o
 .debug_loc     0x00000fd0       0xb8 ./emlib/em_system.o
 .debug_loc     0x00001088      0x368 ./src/em_acmp.o
 .debug_loc     0x000013f0      0xe4c ./src/em_cmu.o
 .debug_loc     0x0000223c      0x88c ./src/em_core.o
 .debug_loc     0x00002ac8      0x7c0 ./src/em_emu.o
 .debug_loc     0x00003288      0x420 ./src/em_gpio.o
 .debug_loc     0x000036a8      0x648 ./src/em_lcd.o
 .debug_loc     0x00003cf0      0x710 ./src/em_lesense.o
 .debug_loc     0x00004400      0x3dc ./src/main.o
 .debug_loc     0x000047dc      0x158 ./src/segmentlcd_individual.o

.debug_ranges   0x00000000      0x7b0
 .debug_ranges  0x00000000       0x60 ./CMSIS/EFM32GG/system_efm32gg.o
 .debug_ranges  0x00000060       0xb0 ./drivers/caplesense.o
 .debug_ranges  0x00000110       0xb8 ./drivers/segmentlcd.o
 .debug_ranges  0x000001c8       0x18 ./emlib/em_system.o
 .debug_ranges  0x000001e0       0x58 ./src/em_acmp.o
 .debug_ranges  0x00000238      0x170 ./src/em_cmu.o
 .debug_ranges  0x000003a8       0xd8 ./src/em_core.o
 .debug_ranges  0x00000480       0xd8 ./src/em_emu.o
 .debug_ranges  0x00000558       0x68 ./src/em_gpio.o
 .debug_ranges  0x000005c0       0x98 ./src/em_lcd.o
 .debug_ranges  0x00000658       0xb8 ./src/em_lesense.o
 .debug_ranges  0x00000710       0x78 ./src/main.o
 .debug_ranges  0x00000788       0x28 ./src/segmentlcd_individual.o

.debug_macro    0x00000000    0x26825
 .debug_macro   0x00000000      0x28e ./CMSIS/EFM32GG/system_efm32gg.o
 .debug_macro   0x0000028e      0xa48 ./CMSIS/EFM32GG/system_efm32gg.o
 .debug_macro   0x00000cd6       0x22 ./CMSIS/EFM32GG/system_efm32gg.o
 .debug_macro   0x00000cf8       0x4f ./CMSIS/EFM32GG/system_efm32gg.o
 .debug_macro   0x00000d47       0x51 ./CMSIS/EFM32GG/system_efm32gg.o
 .debug_macro   0x00000d98       0xef ./CMSIS/EFM32GG/system_efm32gg.o
 .debug_macro   0x00000e87       0x6a ./CMSIS/EFM32GG/system_efm32gg.o
 .debug_macro   0x00000ef1      0x1df ./CMSIS/EFM32GG/system_efm32gg.o
 .debug_macro   0x000010d0      0x39b ./CMSIS/EFM32GG/system_efm32gg.o
 .debug_macro   0x0000146b       0x1c ./CMSIS/EFM32GG/system_efm32gg.o
 .debug_macro   0x00001487       0x22 ./CMSIS/EFM32GG/system_efm32gg.o
 .debug_macro   0x000014a9       0xc3 ./CMSIS/EFM32GG/system_efm32gg.o
 .debug_macro   0x0000156c      0xe18 ./CMSIS/EFM32GG/system_efm32gg.o
 .debug_macro   0x00002384       0xe2 ./CMSIS/EFM32GG/system_efm32gg.o
 .debug_macro   0x00002466     0x2869 ./CMSIS/EFM32GG/system_efm32gg.o
 .debug_macro   0x00004ccf      0x39e ./CMSIS/EFM32GG/system_efm32gg.o
 .debug_macro   0x0000506d     0x3f12 ./CMSIS/EFM32GG/system_efm32gg.o
 .debug_macro   0x00008f7f      0x9a4 ./CMSIS/EFM32GG/system_efm32gg.o
 .debug_macro   0x00009923      0x6eb ./CMSIS/EFM32GG/system_efm32gg.o
 .debug_macro   0x0000a00e      0x283 ./CMSIS/EFM32GG/system_efm32gg.o
 .debug_macro   0x0000a291     0x1e37 ./CMSIS/EFM32GG/system_efm32gg.o
 .debug_macro   0x0000c0c8     0x30cb ./CMSIS/EFM32GG/system_efm32gg.o
 .debug_macro   0x0000f193      0x37f ./CMSIS/EFM32GG/system_efm32gg.o
 .debug_macro   0x0000f512      0x855 ./CMSIS/EFM32GG/system_efm32gg.o
 .debug_macro   0x0000fd67     0x230f ./CMSIS/EFM32GG/system_efm32gg.o
 .debug_macro   0x00012076     0x1bf6 ./CMSIS/EFM32GG/system_efm32gg.o
 .debug_macro   0x00013c6c     0x1709 ./CMSIS/EFM32GG/system_efm32gg.o
 .debug_macro   0x00015375      0x6d8 ./CMSIS/EFM32GG/system_efm32gg.o
 .debug_macro   0x00015a4d     0x106a ./CMSIS/EFM32GG/system_efm32gg.o
 .debug_macro   0x00016ab7     0x1d83 ./CMSIS/EFM32GG/system_efm32gg.o
 .debug_macro   0x0001883a      0x33d ./CMSIS/EFM32GG/system_efm32gg.o
 .debug_macro   0x00018b77      0xa66 ./CMSIS/EFM32GG/system_efm32gg.o
 .debug_macro   0x000195dd      0xfe0 ./CMSIS/EFM32GG/system_efm32gg.o
 .debug_macro   0x0001a5bd      0x894 ./CMSIS/EFM32GG/system_efm32gg.o
 .debug_macro   0x0001ae51      0xf85 ./CMSIS/EFM32GG/system_efm32gg.o
 .debug_macro   0x0001bdd6     0x12a5 ./CMSIS/EFM32GG/system_efm32gg.o
 .debug_macro   0x0001d07b      0xc4a ./CMSIS/EFM32GG/system_efm32gg.o
 .debug_macro   0x0001dcc5      0x74d ./CMSIS/EFM32GG/system_efm32gg.o
 .debug_macro   0x0001e412      0x1c9 ./CMSIS/EFM32GG/system_efm32gg.o
 .debug_macro   0x0001e5db     0x1041 ./CMSIS/EFM32GG/system_efm32gg.o
 .debug_macro   0x0001f61c      0x280 ./CMSIS/EFM32GG/system_efm32gg.o
 .debug_macro   0x0001f89c       0x40 ./CMSIS/EFM32GG/system_efm32gg.o
 .debug_macro   0x0001f8dc      0x250 ./CMSIS/EFM32GG/system_efm32gg.o
 .debug_macro   0x0001fb2c      0x1f0 ./CMSIS/EFM32GG/system_efm32gg.o
 .debug_macro   0x0001fd1c      0x166 ./CMSIS/EFM32GG/system_efm32gg.o
 .debug_macro   0x0001fe82      0x252 ./CMSIS/EFM32GG/system_efm32gg.o
 .debug_macro   0x000200d4     0x1bd7 ./CMSIS/EFM32GG/system_efm32gg.o
 .debug_macro   0x00021cab       0x2e ./CMSIS/EFM32GG/system_efm32gg.o
 .debug_macro   0x00021cd9      0x427 ./CMSIS/EFM32GG/system_efm32gg.o
 .debug_macro   0x00022100      0x427 ./CMSIS/EFM32GG/system_efm32gg.o
 .debug_macro   0x00022527      0x2fe ./drivers/caplesense.o
 .debug_macro   0x00022825       0x22 ./drivers/caplesense.o
 .debug_macro   0x00022847       0x19 ./drivers/caplesense.o
 .debug_macro   0x00022860       0x10 ./drivers/caplesense.o
 .debug_macro   0x00022870       0xc6 ./drivers/caplesense.o
 .debug_macro   0x00022936       0x12 ./drivers/caplesense.o
 .debug_macro   0x00022948       0x69 ./drivers/caplesense.o
 .debug_macro   0x000229b1      0x33e ./drivers/caplesense.o
 .debug_macro   0x00022cef       0xc0 ./drivers/caplesense.o
 .debug_macro   0x00022daf       0x63 ./drivers/caplesense.o
 .debug_macro   0x00022e12       0x9d ./drivers/caplesense.o
 .debug_macro   0x00022eaf      0x432 ./drivers/segmentlcd.o
 .debug_macro   0x000232e1       0x52 ./drivers/segmentlcd.o
 .debug_macro   0x00023333       0x17 ./drivers/segmentlcd.o
 .debug_macro   0x0002334a       0x55 ./drivers/segmentlcd.o
 .debug_macro   0x0002339f       0x35 ./drivers/segmentlcd.o
 .debug_macro   0x000233d4       0x9c ./drivers/segmentlcd.o
 .debug_macro   0x00023470       0x16 ./drivers/segmentlcd.o
 .debug_macro   0x00023486       0x57 ./drivers/segmentlcd.o
 .debug_macro   0x000234dd       0x97 ./drivers/segmentlcd.o
 .debug_macro   0x00023574      0x353 ./drivers/segmentlcd.o
 .debug_macro   0x000238c7       0xf6 ./drivers/segmentlcd.o
 .debug_macro   0x000239bd       0x10 ./drivers/segmentlcd.o
 .debug_macro   0x000239cd       0x58 ./drivers/segmentlcd.o
 .debug_macro   0x00023a25       0x1f ./drivers/segmentlcd.o
 .debug_macro   0x00023a44       0x43 ./drivers/segmentlcd.o
 .debug_macro   0x00023a87       0x20 ./drivers/segmentlcd.o
 .debug_macro   0x00023aa7      0x18e ./drivers/segmentlcd.o
 .debug_macro   0x00023c35       0x10 ./drivers/segmentlcd.o
 .debug_macro   0x00023c45       0xb6 ./drivers/segmentlcd.o
 .debug_macro   0x00023cfb       0x16 ./drivers/segmentlcd.o
 .debug_macro   0x00023d11      0x129 ./drivers/segmentlcd.o
 .debug_macro   0x00023e3a       0x16 ./drivers/segmentlcd.o
 .debug_macro   0x00023e50       0x35 ./drivers/segmentlcd.o
 .debug_macro   0x00023e85       0x16 ./drivers/segmentlcd.o
 .debug_macro   0x00023e9b       0x22 ./drivers/segmentlcd.o
 .debug_macro   0x00023ebd       0xbd ./drivers/segmentlcd.o
 .debug_macro   0x00023f7a       0xcc ./drivers/segmentlcd.o
 .debug_macro   0x00024046       0x1d ./drivers/segmentlcd.o
 .debug_macro   0x00024063      0x117 ./drivers/segmentlcd.o
 .debug_macro   0x0002417a       0x22 ./drivers/segmentlcd.o
 .debug_macro   0x0002419c      0x295 ./emlib/em_system.o
 .debug_macro   0x00024431      0x16d ./emlib/em_system.o
 .debug_macro   0x0002459e      0x2c8 ./src/em_acmp.o
 .debug_macro   0x00024866      0x367 ./src/em_cmu.o
 .debug_macro   0x00024bcd       0x58 ./src/em_cmu.o
 .debug_macro   0x00024c25      0x34d ./src/em_cmu.o
 .debug_macro   0x00024f72       0x25 ./src/em_cmu.o
 .debug_macro   0x00024f97       0xee ./src/em_cmu.o
 .debug_macro   0x00025085       0x1f ./src/em_cmu.o
 .debug_macro   0x000250a4      0x2c0 ./src/em_core.o
 .debug_macro   0x00025364       0x63 ./src/em_core.o
 .debug_macro   0x000253c7       0xba ./src/em_core.o
 .debug_macro   0x00025481      0x370 ./src/em_emu.o
 .debug_macro   0x000257f1       0x34 ./src/em_emu.o
 .debug_macro   0x00025825      0x2a7 ./src/em_gpio.o
 .debug_macro   0x00025acc      0x29b ./src/em_lcd.o
 .debug_macro   0x00025d67       0x17 ./src/em_lcd.o
 .debug_macro   0x00025d7e      0x2d0 ./src/em_lesense.o
 .debug_macro   0x0002604e       0x5d ./src/em_lesense.o
 .debug_macro   0x000260ab      0x43d ./src/main.o
 .debug_macro   0x000264e8       0x10 ./src/main.o
 .debug_macro   0x000264f8       0x10 ./src/main.o
 .debug_macro   0x00026508       0x10 ./src/main.o
 .debug_macro   0x00026518       0x2e ./src/main.o
 .debug_macro   0x00026546       0x16 ./src/main.o
 .debug_macro   0x0002655c       0x16 ./src/main.o
 .debug_macro   0x00026572      0x2a3 ./src/segmentlcd_individual.o
 .debug_macro   0x00026815       0x10 ./src/segmentlcd_individual.o

.debug_frame    0x00000000     0x24a4
 .debug_frame   0x00000000      0x180 ./CMSIS/EFM32GG/system_efm32gg.o
 .debug_frame   0x00000180      0x304 ./drivers/caplesense.o
 .debug_frame   0x00000484      0x318 ./drivers/segmentlcd.o
 .debug_frame   0x0000079c       0x60 ./emlib/em_system.o
 .debug_frame   0x000007fc      0x190 ./src/em_acmp.o
 .debug_frame   0x0000098c      0x690 ./src/em_cmu.o
 .debug_frame   0x0000101c      0x3dc ./src/em_core.o
 .debug_frame   0x000013f8      0x3a8 ./src/em_emu.o
 .debug_frame   0x000017a0      0x1e0 ./src/em_gpio.o
 .debug_frame   0x00001980      0x2d0 ./src/em_lcd.o
 .debug_frame   0x00001c50      0x338 ./src/em_lesense.o
 .debug_frame   0x00001f88      0x1ec ./src/main.o
 .debug_frame   0x00002174       0xa8 ./src/segmentlcd_individual.o
 .debug_frame   0x0000221c       0x28 c:/siliconlabs/simplicitystudio/v4/developer/toolchains/gnu_arm/7.2_2017q4/bin/../lib/gcc/arm-none-eabi/7.2.1/../../../../arm-none-eabi/lib/thumb/v7-m\libc_nano.a(lib_a-exit.o)
 .debug_frame   0x00002244       0x2c c:/siliconlabs/simplicitystudio/v4/developer/toolchains/gnu_arm/7.2_2017q4/bin/../lib/gcc/arm-none-eabi/7.2.1/../../../../arm-none-eabi/lib/thumb/v7-m\libc_nano.a(lib_a-init.o)
 .debug_frame   0x00002270       0x20 c:/siliconlabs/simplicitystudio/v4/developer/toolchains/gnu_arm/7.2_2017q4/bin/../lib/gcc/arm-none-eabi/7.2.1/../../../../arm-none-eabi/lib/thumb/v7-m\libc_nano.a(lib_a-memset.o)
 .debug_frame   0x00002290       0x48 c:/siliconlabs/simplicitystudio/v4/developer/toolchains/gnu_arm/7.2_2017q4/bin/../lib/gcc/arm-none-eabi/7.2.1/../../../../arm-none-eabi/lib/thumb/v7-m\libc_nano.a(lib_a-rand.o)
 .debug_frame   0x000022d8       0x2c c:/siliconlabs/simplicitystudio/v4/developer/toolchains/gnu_arm/7.2_2017q4/bin/../lib/gcc/arm-none-eabi/7.2.1/../../../../arm-none-eabi/lib/thumb/v7-m\libc_nano.a(lib_a-time.o)
 .debug_frame   0x00002304       0x2c c:/siliconlabs/simplicitystudio/v4/developer/toolchains/gnu_arm/7.2_2017q4/bin/../lib/gcc/arm-none-eabi/7.2.1/../../../../arm-none-eabi/lib/thumb/v7-m\libc_nano.a(lib_a-gettimeofdayr.o)
 .debug_frame   0x00002330       0x30 c:/siliconlabs/simplicitystudio/v4/developer/toolchains/gnu_arm/7.2_2017q4/bin/../lib/gcc/arm-none-eabi/7.2.1/../../../../arm-none-eabi/lib/thumb/v7-m\libc_nano.a(lib_a-malloc.o)
 .debug_frame   0x00002360       0x2c c:/siliconlabs/simplicitystudio/v4/developer/toolchains/gnu_arm/7.2_2017q4/bin/../lib/gcc/arm-none-eabi/7.2.1/../../../../arm-none-eabi/lib/thumb/v7-m\libc_nano.a(lib_a-nano-mallocr.o)
 .debug_frame   0x0000238c       0x5c c:/siliconlabs/simplicitystudio/v4/developer/toolchains/gnu_arm/7.2_2017q4/bin/../lib/gcc/arm-none-eabi/7.2.1/../../../../arm-none-eabi/lib/thumb/v7-m\libc_nano.a(lib_a-reent.o)
 .debug_frame   0x000023e8       0x2c c:/siliconlabs/simplicitystudio/v4/developer/toolchains/gnu_arm/7.2_2017q4/bin/../lib/gcc/arm-none-eabi/7.2.1/../../../../arm-none-eabi/lib/thumb/v7-m\libc_nano.a(lib_a-sbrkr.o)
 .debug_frame   0x00002414       0x30 c:/siliconlabs/simplicitystudio/v4/developer/toolchains/gnu_arm/7.2_2017q4/bin/../lib/gcc/arm-none-eabi/7.2.1/../../../../arm-none-eabi/lib/thumb/v7-m\libc_nano.a(lib_a-mlock.o)
 .debug_frame   0x00002444       0x20 c:/siliconlabs/simplicitystudio/v4/developer/toolchains/gnu_arm/7.2_2017q4/bin/../lib/gcc/arm-none-eabi/7.2.1/../../../../arm-none-eabi/lib/thumb/v7-m\libnosys.a(gettod.o)
 .debug_frame   0x00002464       0x20 c:/siliconlabs/simplicitystudio/v4/developer/toolchains/gnu_arm/7.2_2017q4/bin/../lib/gcc/arm-none-eabi/7.2.1/../../../../arm-none-eabi/lib/thumb/v7-m\libnosys.a(sbrk.o)
 .debug_frame   0x00002484       0x20 c:/siliconlabs/simplicitystudio/v4/developer/toolchains/gnu_arm/7.2_2017q4/bin/../lib/gcc/arm-none-eabi/7.2.1/../../../../arm-none-eabi/lib/thumb/v7-m\libnosys.a(_exit.o)

.stab           0x00000000       0x24
 .stab          0x00000000       0x24 c:/siliconlabs/simplicitystudio/v4/developer/toolchains/gnu_arm/7.2_2017q4/bin/../lib/gcc/arm-none-eabi/7.2.1/../../../../arm-none-eabi/lib/thumb/v7-m\libnosys.a(gettod.o)

.stabstr        0x00000000       0x4e
 .stabstr       0x00000000       0x4e c:/siliconlabs/simplicitystudio/v4/developer/toolchains/gnu_arm/7.2_2017q4/bin/../lib/gcc/arm-none-eabi/7.2.1/../../../../arm-none-eabi/lib/thumb/v7-m\libnosys.a(gettod.o)
